warning: patch `rusb v0.9.4 (/Users/sibrenwieme/Documents/Masterproef/usb-wasm/rusb-wasi)` was not used in the crate graph
help: Check that the patched package version and available features are compatible
      with the dependency requirements. If the patch has a different version from
      what is locked in the Cargo.lock file, run `cargo update` to use the new
      version. This may also occur with an optional dependency that is not enabled.
    Checking cfg-if v1.0.4
    Checking bitflags v2.11.0
    Checking memchr v2.7.2
    Checking log v0.4.29
    Checking libc v0.2.183
    Checking serde_core v1.0.228
    Checking libm v0.2.16
    Checking once_cell v1.19.0
    Checking crossbeam-utils v0.8.19
    Checking anyhow v1.0.102
    Checking hashbrown v0.16.1
    Checking either v1.11.0
    Checking equivalent v1.0.1
    Checking crc32fast v1.4.0
    Checking thiserror v2.0.18
    Checking byteorder v1.5.0
    Checking foldhash v0.1.5
    Checking regex-syntax v0.8.10
    Checking allocator-api2 v0.2.21
    Checking simd-adler32 v0.3.8
    Checking itertools v0.12.1
    Checking typenum v1.17.0
    Checking zerocopy v0.8.27
    Checking hashbrown v0.15.5
    Checking zerocopy v0.7.34
    Checking bytes v1.6.0
    Checking bumpalo v3.16.0
    Checking crossbeam-epoch v0.9.18
    Checking aho-corasick v1.1.3
    Checking bytemuck v1.25.0
    Checking leb128fmt v0.1.0
    Checking ahash v0.8.11
    Checking target-lexicon v0.13.5
    Checking crossbeam-deque v0.8.5
    Checking io-lifetimes v2.0.3
    Checking arbitrary v1.4.2
    Checking generic-array v0.14.7
    Checking rustc-hash v2.1.2
    Checking adler2 v2.0.1
    Checking rawpointer v0.2.1
    Checking rayon-core v1.12.1
    Checking hashbrown v0.14.5
    Checking errno v0.3.14
    Checking getrandom v0.2.15
    Checking miniz_oxide v0.8.9
    Checking matrixmultiply v0.3.10
    Checking rustix v0.38.44
    Checking core-foundation-sys v0.7.0
    Checking cobs v0.3.0
    Checking cranelift-assembler-x64 v0.118.0
    Checking cranelift-codegen-shared v0.118.0
    Checking num-traits v0.2.19
    Checking rayon v1.10.0
    Checking wasmtime-math v31.0.0
    Checking futures-core v0.3.30
    Checking core-foundation-sys v0.8.6
    Checking minimal-lexical v0.2.1
    Checking cranelift-control v0.118.0
    Checking scopeguard v1.2.0
    Checking futures-sink v0.3.30
    Checking bitflags v1.3.2
    Checking ambient-authority v0.0.2
    Checking lock_api v0.4.14
    Checking block-buffer v0.10.4
    Checking crypto-common v0.1.6
    Checking objc_exception v0.1.2
    Checking io-extras v0.18.4
    Checking nom v7.1.3
    Checking rand_core v0.6.4
    Checking rustix v1.1.4
    Checking malloc_buf v0.0.6
    Checking zstd-sys v2.0.10+zstd.1.5.6
    Checking termcolor v1.4.1
    Checking ipnet v2.9.0
    Checking utf8parse v0.2.2
    Checking pin-project-lite v0.2.14
    Checking pxfm v0.1.28
    Checking maybe-owned v0.3.4
    Checking lazy_static v1.4.0
    Checking strength_reduce v0.2.4
    Checking ppv-lite86 v0.2.17
    Checking winnow v0.6.8
    Checking foreign-types-shared v0.1.1
    Checking dyn-hash v0.2.2
    Checking maplit v1.0.2
    Checking dyn-clone v1.0.20
    Checking downcast-rs v1.2.1
    Checking foreign-types v0.3.2
    Checking rand_chacha v0.3.1
    Checking zstd-safe v7.1.0
    Checking objc v0.2.7
    Checking num-integer v0.1.46
    Checking half v2.7.1
    Checking num-complex v0.4.6
    Checking mozjpeg-sys v2.2.3
    Checking transpose v0.2.3
    Checking primal-check v0.3.4
    Checking digest v0.10.7
    Checking serde v1.0.228
    Checking indexmap v2.13.0
    Checking wasm-encoder v0.226.0
    Checking cpp_demangle v0.4.3
    Checking flate2 v1.1.9
    Checking regex-automata v0.4.14
    Checking core-foundation v0.7.0
    Checking ndarray v0.15.6
    Checking dirs-sys-next v0.1.2
    Checking cpufeatures v0.2.12
    Checking rgb v0.8.53
    Checking smallvec v1.13.2
    Checking cranelift-bitset v0.118.0
    Checking cranelift-entity v0.118.0
    Checking regalloc2 v0.11.2
    Checking pulley-interpreter v31.0.0
    Checking gimli v0.31.1
    Checking semver v1.0.23
    Checking fs-set-times v0.20.1
